*inter* nets quiet
bottom_intermediate_inst.I bottom_intermediate_inst.O bottom_intermediate_inst.bottom_intermediate_wire inter_wire inter_wire_2
*inter* nets
bottom_intermediate_inst.I bottom_intermediate_inst.O bottom_intermediate_inst.bottom_intermediate_wire inter_wire inter_wire_2
Filtered nets
clk
All nets
{$abc$2135$aiger2134$38} {$abc$2135$aiger2134$42} {$abc$2135$aiger2134$43} {$abc$2135$aiger2134$48} {$abc$2135$aiger2134$49} {$abc$2135$aiger2134$54} {$abc$2135$aiger2134$55} {$abc$2135$aiger2134$60} {$abc$2135$aiger2134$61} {$abc$2135$aiger2134$66} {$abc$2135$aiger2134$67} {$abc$2135$aiger2134$72} {$abc$2135$aiger2134$73} {$abc$2135$aiger2134$76} {$abc$2135$aiger2134$77} {$abc$2135$aiger2134$78} {$abc$2135$iopadmap$clk} {$auto$alumacc.cc:485:replace_alu$1469.O} LD6 LD7 LD8 LD9 bottom_inst.I bottom_inst.O bottom_inst.OB bottom_intermediate_inst.I bottom_intermediate_inst.O bottom_intermediate_inst.bottom_intermediate_wire clk counter inter_wire inter_wire_2 led out_a out_b signal_n signal_p
